border_size=1
usage=map

Mm^Xm, Mm^Xm, Ms, Mm, Hh, Hh, Hh^Fdw, Hh^Vhh, Hh^Fp, Hh^Fp, Gg, Gg, Gg, Rp, Gg^Efm, Gg, Gg, Hh, Rp, Rp, Gg, Rp, Gg, Gg^Vh, Gs^Fds, Hh^Fmw, Gg, Hh^Fmw, Hh^Fmw, Gg, Gg, Gg, Re^Gvs, Rp, Rp, Hh, Rp, Rp, Gg, Gg, Gg, Gs^Fp, Gs^Fp
Mm^Xm, Ms, Mm, Mm, Chr, Hh, Gg, Hh^Fp, Hh^Fdw, Hh, Gg, Gg^Efm, Rp, Rp, Gg, Rp, Rp, Rp, Re^Gvs, Re^Gvs, Re^Gvs, Gg, Gs^Fds, Gg^Efm, Gg, Gg, Re^Gvs, Gg, Hh^Fmw, Gg, Re^Gvs, Re^Gvs, Re^Gvs, Re^Gvs, Gg^Efm, Rp, Gg, Gg, Gs^Fds, Gg, Gg, Gg, Gg
Ms, Ms, Mm, Khr, Hh, Hh, Gg, Gg, Gg^Efm, Gg, Rp, Rp, Gg, Gg, Gg^Efm, Gg, Gg, Gg, Re^Gvs, Re^Gvs, Re^Gvs, Gg, Gs^Fds, Gg, Gg, Gg, Gg, Gg, Gg, Gg, Re^Gvs, Re^Gvs, Re^Gvs, Gg, Gg, Gg, Gg, Gg, Gs^Fds, Gg, Gs^Fds, Gs^Fds, Gs^Fds
Ms, Ms, Mm, Chr, Hh^Fdw, Hh, Hh, Gg, Gg, Gs^Fmw, Gg, Gg, Gg, Gg, Gg, Gg, Gg^Efm, Gg, Gg, Re^Gvs, Gg, Gg, Gs^Fds, Gg^Efm, Gs^Fds, Gs^Fms, Gs^Fds, Gg, Gg, Gg^Vh, Gg, Re^Gvs, Gg, Gs^Fms, Gg, Gg, Gs^Fds, Gs^Fds, Hh^Fds, Gs^Fds, Gs^Fds, Gs^Fds, Gs^Fds
Mm, Mm, Hh, Chr, Hh, Hh, Hh^Fp, Rp, Gs^Fmw, Gs^Fds, Gg, Gs^Fds, Gs^Fds, Gg, Gg, Gg, Gs^Fds, Gg, Gg, Gg, Gg, Gs^Fp, Gg, Gg^Efm, Gg^Efm, Gs^Fds, Gg, Gs^Fds, Gs^Fds, Gg, Gs^Fds, Gg, Gs^Fds, Gs^Fds, Gs^Fds, Gs^Fds, Hh^Fds, Hh, Gs^Fds, Gs^Fds, Hh^Fds, Hh^Fp, Gs^Fds
Hh, Rp, Mm, Rp, Rp, Hh, Rp, Gs^Fp, Gs^Fp, Gs^Fds, Gs^Fds, Gg^Efm, Gs^Fds, Gs^Fds, Gs^Fds, Gs^Fds, Gs^Fds, Gs^Fds, Gs^Fds, Gg, Gs^Fms, Gs^Fp, Gg, Gg, Gg^Efm, Gg, Gg, Gs^Fds, Hh^Fp, Gs^Fds, Hh^Fp, Hh^Fp, Hh^Fp, Hh^Fp, Hh^Fds, Hh^Fp, Gs^Fds, Gs^Fds, Gs^Fds, Hh^Fds, Gs^Fds, Gs^Fds, Gs^Fds
Hh, Mm, Mm, Mm, Hh^Fdw, Hh, Gg, Gs^Fp, Gs^Fp, Gs^Fds, Gs^Fds, Gs^Fds, Gs^Fp, Gs^Fp, Gs^Fms, Gs^Fp, Gg^Efm, Gs^Fds, Gs^Fds, Gs^Fms, Gs^Fds, Gs^Fds, Gg, Gg, Gg^Efm, Gg^Efm, Gs^Fp, Gs^Fds, Hh^Fds, Hh^Fp, Hh^Vhh, Hh^Fp, Hh^Fp, Gs^Fds, Gs^Fds, Gs^Fds, Gs^Fds, Gs^Fds, Hh^Fds, Gs^Fds, Gs^Fds, Hh^Fds, Hh^Fds
Mm, Mm, Mm, Mm, Hh, Gg, Gg, Gg, Gg, Gs^Fp, Gs^Fp, Gg^Ve, Gs^Fds, Gs^Fms, Gs^Fp, Gs^Fp, Gs^Fp, Gs^Fp, Gs^Fds, Gg^Efm, Gs^Fds, Gs^Fds, Gg, Gs^Fp, Gg^Efm, Gs^Fp, Gs^Fp, Gs^Fp, Gs^Fds, Gs^Fds, Gs^Fds, Mm, Gs^Fds, Hh^Fp, Gs^Fds, Gs^Fds, Gs^Fms, Gs^Fds, Gg^Fet, Gg^Fet, Gg^Fet, Gs^Fds, Gs^Fds
Hh^Fds, Mm, Mm^Xm, Mm, Hh^Vhh, Gg, Gg, Gs^Fp, Gs^Fp, Gs^Fp, Gs^Fms, Gs^Fds, Gs^Fds, Gg^Efm, Gg^Efm, Gs^Fds, Gs^Fds, Gs^Fds, Gs^Fds, Gs^Fds, Gs^Fds, Gs^Fds, Gs^Fp, Gs^Fp, Gs^Fp, Gs^Fp, Gs^Fds, Gs^Fds, Gs^Fds, Gs^Fds, Gs^Fds, Gs^Fds, Gs^Fds, Gs^Fds, Gs^Fms, Gs^Fms, Gs^Fds, Gs^Fds, Gg^Fet, Ww, Gs^Fds, Gs^Fds, Gs^Fms
Hh^Fds, Mm, Mm^Xm, Ms, Ms, Hh^Fp, Hh^Fp, Gs^Fp, Gs^Fp, Gs^Fp, Gs^Fp, Gs^Fms, Gs^Fp, Gs^Fds, Gs^Fds, Gs^Fp, Gs^Fds, Gs^Fms, Gg^Efm, Gs^Fp, Gs^Fds, Gs^Fds, Gs^Fds, Gs^Fp, Gg^Efm, Gg^Efm, Gs^Fds, Gs^Fds, Gs^Fds, Gs^Fds, Gg^Fet, Gs^Fds, Gs^Fms, Gs^Fms, Gs^Fms, Gs^Fds, Gs^Fp, Gs^Fp, Gs^Fds, Ww, Ww, Gs^Fms, Gs^Fds
Mm, Mm, Mm^Xm, Mm, Mm, Mm, Hh, Gs^Fp, Gs^Fp, Gs^Fp, Gs^Fp, Gs^Fds, Gs^Fds, Gs^Fds, Gs^Fds, Gs^Fds, Gs^Fms, Gg^Efm, Gg^Efm, Gs^Fp, Gs^Fp, Gs^Fds, Gs^Fp, Gg^Efm, Gs^Fds, Gs^Fds, Gs^Fds, Gs^Fds, Gs^Fds, Gs^Fds, Gs^Fds, Gs^Fp, Gs^Fms, Gs^Fms, Gs^Fms, Gs^Fds, Gs^Fp, Gs^Fds, Gs^Fds, Gs^Fds, Gs^Fds, Ww, Ww
Ms, Ms, Mm^Xm, Mm, Mm, Mm, Mm, Gg, Gs^Fp, Gg^Efm, Gg^Efm, Gs^Fmw, Gs^Fds, Gs^Fp, Gs^Fds, Gs^Fms, Gs^Fms, Gg^Efm, Gs^Fds, Gs^Fds, Gs^Fds, Gs^Fds, Gs^Fds, Gs^Fp, Gs^Fds, Gs^Fp, Gs^Fds, Gs^Fds, Gs^Fms, Gs^Fds, Gs^Fms, Gs^Fms, Ce, Gs^Fds, Gs^Fds, Gs^Fds, Gs^Fds, Gs^Fp, Gs^Fds, Gs^Fds, Gs^Fds, Gs^Fds, Gs^Fds
Ms, Mm^Xm, Mm, Ms, Mm, Mm, Mm, Gs^Fp, Gs^Fmw, Gs^Fp, Gs^Fp, Gg^Efm, Gg, Gg^Efm, Gg, Gs^Fds, Gs^Fms, Gs^Fds, Gs^Fds, Gs^Fmw, Gs^Fds, Gs^Fp, Gs^Fds, Gs^Fds, Gs^Fds, Gs^Fds, Gs^Fp, Gs^Fms, Gs^Fms, Gs^Fds, Gs^Fms, Ce, Ke, Ce, Gg^Fet, Gs^Fds, Gs^Fds, Gs^Fds, Gs^Fds, Gs^Fp, Gs^Fds, Gs^Fds, Gs^Fds
Mm, Mm^Xm, Mm, Mm, Mm, Mm, Gg, Gs^Fp, Gs^Fms, Gs^Fms, Gs^Fp, Gg^Efm, Gs^Fp, Gg, Gs^Fds, Gs^Fds, Gg^Efm, Gs^Fms, Gs^Fds, Gg^Efm, Gg^Efm, Gs^Fds, Gs^Fds, Gs^Fds, Gs^Fds, Gs^Fds, Gs^Fms, Gs^Fds, Gs^Fds, Gs^Fds, Gs^Fds, Ce, Ce, Ce, Re, Gs^Fds, Gs^Fds, Gs^Fds, Gs^Fds, Gs^Fds, Gs^Fds, Gs^Fds, Gs^Fds
Mm^Xm, Mm^Xm, Mm, Mm, Hh, Gg, Gg, Gs^Fp, Gs^Fp, Gs^Fmw, Gs^Fp, Gs^Fp, Gs^Fp, Gs^Fp, Gs^Fds, Gs^Fds, Gs^Fms, Gs^Fms, Gs^Fms, Gs^Fms, Gs^Fp, Gs^Fds, Gs^Fp, Gs^Fms, Gs^Fms, Gs^Fds, Gs^Fp, Gs^Fds, Gs^Fp, Gs^Fp, Gs^Fp, Gs^Fp, Gs^Fp, Gs^Fds, Gs^Fds, Re, Re, Gs^Fds, Gs^Fds, Gs^Fds, Gs^Fds, Gs^Fds, Gg^Fet
Mm, Mm, Hh, Hh, Hh, Hh, Gs^Fp, Gs^Fp, Gs^Fp, Gs^Fp, Gs^Fms, Gs^Fp, Gs^Fp, Gs^Fp, Gs^Fms, Gs^Fms, Gs^Fds, Gs^Fds, Gs^Fp, Gs^Fds, Gs^Fds, Gg^Efm, Gs^Fp, Gs^Fds, Gs^Fds, Gs^Fms, Gg^Efm, Gs^Fds, Gs^Fds, Gs^Fds, Gs^Fds, Gs^Fp, Gs^Fds, Gs^Fds, Gs^Fp, Gs^Fds, Re, Gg^Fet, Gs^Fds, Gs^Fds, Gs^Fds, Gs^Fds, Gg^Fet
Mm, Hh^Fp, Hh^Fp, Hh, Hh, Hh, Gs^Fp, Gs^Fp, Gg^Efm, Gg^Efm, Gg^Efm, Gs^Fp, Gs^Fmw, Gs^Fp, Gs^Fms, Gs^Fms, Gg^Ve, Gs^Fp, Gs^Fp, Gs^Fms, Gs^Fms, Gs^Fp, Gs^Fds, Gs^Fds, Gs^Fds, Gs^Fms, Gs^Fms, Gs^Fms, Gs^Fms, Gs^Fds, Gs^Fds, Gs^Fp, Gs^Fds, Gs^Fds, Gs^Fds, Gs^Fds, Gs^Fds, Re, Re, Gs^Fds, Gs^Fds, Gs^Fds, Gs^Fp
Mm, Hh^Vhh, Hh, Hh^Fp, Hh, Gg, Gg, Gg^Efm, Gs^Fp, Gs^Fp, Gs^Fp, Gs^Fp, Gs^Fms, Gs^Fp, Gs^Fp, Gg^Efm, Gg^Efm, Gg^Fet, Gs^Fp, Gs^Fp, Gs^Fms, Gs^Fp, Gg^Efm, Gs^Fds, Gs^Fms, Gs^Fms, Gg^Efm, Gs^Fms, Gs^Fds, Gs^Fds, Gs^Fds, Gs^Fds, Gs^Fms, Gs^Fds, Gs^Fds, Hh^Fds, Hh^Fds, Hh^Fds, Hh^Fds, Re, Re, Gs^Fds, Gs^Fds
Mm, Hh, Gg^Efm, Hh^Fp, Hh, Gg, Gg^Efm, Gs^Fp, Gs^Fp, Gg^Efm, Gs^Fp, Hh^Fp, Hh^Fp, Gs^Fms, Gs^Fp, Gs^Fp, Gs^Fp, Gs^Fds, Gs^Fds, Gs^Fp, Gs^Fds, Gs^Fds, Gg^Efm, Gs^Fms, Gs^Fp, Gs^Fms, Gs^Fds, Gs^Fms, Gs^Fds, Gs^Fds, Gs^Fp, Gs^Fds, Gs^Fms, Gs^Fds, Gs^Fds, Gs^Fms, Hh^Fds, Hh^Fds, Hh^Fds, Gs^Fds, Gs^Fp, Re, Gs^Fds
Mm, Hh, Hh, Gg^Efm, Gg, Gg^Efm, Gg, Gg, Gs^Fp, Gs^Fp, Gs^Fp, Hh^Fp, Hh^Fp, Gs^Fms, Gs^Fp, Gs^Fp, Gg^Efm, Gs^Fp, Gs^Fp, Gs^Fds, Gs^Fds, Gg^Efm, Gs^Fp, Hh^Fds, Gs^Fds, Gs^Fds, Gs^Fms, Gs^Fms, Gs^Fds, Gs^Fds, Gs^Fds, Gs^Fms, Gs^Fds, Gs^Fds, Gs^Fds, Gs^Fp, Hh^Fds, Hh^Fds, Gs^Fds, Hh^Fds, Hh^Fds, Re, Re
Hh, Hh, Mm, Hh, Gg, Gg^Efm, Gg, Gg, Gg, Gs^Fp, Gs^Fms, Hh^Fp, Hh^Fp, Hh^Fp, Gs^Fp, Gs^Fp, Gs^Fp, Gs^Fp, Gs^Fms, Gs^Fms, Gs^Fds, Gs^Fp, Gs^Fms, Gs^Fds, Gs^Fds, Gs^Fms, Gs^Fds, Gs^Fms, Gg^Ve, Gs^Fds, Gs^Fds, Gs^Fms, Gs^Fds, Gs^Fds, Gs^Fms, Gs^Fds, Hh^Fds, Hh^Fds, Gs^Fds, Hh^Fds, Hh^Fds, Gs^Fds, Gs^Fds
Hh, Hh, Hh^Fmf, Hh, Hh, Gg, Gg, Gg, Gs^Fp, Gs^Fp, Gs^Fp, Gs^Fp, Hh^Fp, Hh^Fp, Gs^Fp, Gs^Fp, Gs^Fp, Gg^Fet, Gs^Fms, Gs^Fms, Gs^Fp, Gs^Fms, Gs^Fms, Gs^Fds, Gs^Fds, Gs^Fms, Gs^Fds, Gg^Fet, Gg^Fet, Gs^Fds, Gs^Fds, Gs^Fds, Gs^Fms, Gs^Fms, Gs^Fds, Gs^Fds, Gs^Fms, Hh^Fds, Gs^Fds, Hh^Fds, Gs^Fds, Gs^Fds, Hh^Fds
Hh^Vhh, Hh, Hh, Hh, Hh, Gs^Fp, Gs^Fp, Gs^Fp, Gg^Efm, Gs^Fp, Gs^Fp, Gs^Fp, Gg^Efm, Hh^Fp, Gg^Efm, Gs^Fms, Gg^Efm, Gs^Fp, Gs^Fms, Gs^Fms, Gs^Fp, Gs^Fp, Gs^Fp, Gs^Fds, Gs^Fms, Gs^Fms, Gs^Fp, Gg^Fet, Gs^Fp, Gs^Fds, Gs^Fp, Gs^Fds, Gs^Fms, Gs^Fds, Gs^Fds, Gs^Fms, Gs^Fms, Gs^Fds, Hh^Fds, Gs^Fds, Gs^Fds, Gs^Fds, Gs^Fp
Mm, Hh, Hh, Hh, Hh, Gg, Gg, Gg, Gg^Efm, Gs^Fp, Gs^Fp, Gs^Fp, Gs^Fms, Gg^Efm, Hh^Fp, Gg^Efm, Gs^Fp, Gs^Fp, Gs^Fp, Gs^Fms, Gs^Fp, Gs^Fp, Gs^Fp, Gs^Fp, Gs^Fms, Gs^Fds, Gs^Fp, Gs^Fp, Gs^Fds, Gs^Fds, Gs^Fms, Gs^Fms, Gs^Fds, Gs^Fds, Gs^Fms, Gs^Fms, Gs^Fds, Hh^Fds, Hh^Fds, Hh^Fds, Gs^Fds, Gs^Fds, Gs^Fds
Mm, Hh, Hh, Hh^Fp, Hh, Gg, Gg, Gs^Fp, Gg, Gs^Fp, Gs^Fp, Gs^Fp, Gs^Fp, Gs^Fp, Hh^Fp, Gs^Fp, Gs^Fp, Gs^Fms, Gs^Fp, Gs^Fp, Gs^Fp, Gs^Fp, Gs^Fms, Gs^Fp, Gs^Fp, Gs^Fms, Gs^Fp, Gs^Fp, Gs^Fp, Gs^Fp, Gs^Fp, Gs^Fds, Gs^Fms, Gs^Fds, Gs^Fms, Gs^Fms, Gs^Fms, Gs^Fms, Gs^Fms, Hh^Fds, Hh^Fds, Gs^Fds, Gs^Fds
Mm^Xm, Gg^Efm, Hh, Hh, Hh, Gg, Gg, Gs^Fp, Gg, Gs^Fp, Gs^Fp, Hh^Fmw, Gg^Efm, Gs^Fp, Hh^Fp, Hh^Fp, Gs^Fp, Gs^Fp, Gs^Fp, Gs^Fp, Gs^Fp, Gs^Fp, Gs^Fp, Gs^Fp, Gs^Fms, Gs^Fms, Gs^Fms, Gs^Fp, Gs^Fp, Gs^Fp, Gs^Fms, Gs^Fms, Gs^Fds, Gs^Fds, Gs^Fms, Gs^Fms, Gs^Fds, Gs^Fp, Gs^Fds, Gs^Fds, Gs^Fds, Hh^Fds, Hh^Fds
Mm, Mm, Hh, Hh, Hh^Fp, Gg, Gg^Efm, Gg, Gs^Fms, Gs^Fp, Hh^Fp, Gs^Fp, Gs^Fms, Gg^Efm, Hh^Fp, Gs^Fms, Gg^Ve, Gs^Fp, Gs^Fp, Gs^Fp, Gs^Fms, Gs^Fp, Gs^Fms, Gs^Fp, Gs^Fms, Gs^Fms, Gs^Fms, Gs^Fds, Gs^Fds, Gs^Fds, Gs^Fds, Gs^Fds, Gs^Fds, Gs^Fds, Gs^Fms, Gs^Fms, Gs^Fds, Gs^Fds, Gs^Fds, Gs^Fms, Gs^Fms, Gs^Fds, Ww
Mm, Mm, Hh, Hh, Gg, Hh^Fp, Hh^Fp, Gg, Hh^Fp, Hh^Fp, Gs^Fms, Hh^Fp, Gs^Fp, Gg^Efm, Gs^Fms, Gs^Fms, Gs^Fms, Gs^Fp, Gs^Fms, Gs^Fp, Gs^Fp, Gs^Fms, Gs^Fp, Gs^Fms, Gs^Fp, Gs^Fms, Gs^Fms, Gs^Fms, Gs^Fds, Gs^Fds, Gs^Fds, Gs^Fp, Gs^Fds, Gs^Fms, Gs^Fds, Gs^Fms, Gs^Fms, Gg^Ve, Gs^Fds, Gs^Fds, Gs^Fms, Gg^Fet, Gs^Fds
Mm, Mm, Hh, Gg, Gg^Efm, Gg, Gg, Hh^Fp, Gs^Fds, Gs^Fds, Gs^Fms, Gs^Fms, Gs^Fp, Gs^Fms, Gg^Efm, Gs^Fms, Gs^Fms, Gs^Fp, Gs^Fp, Gs^Fp, Gs^Fp, Gs^Fp, Gs^Fp, Gs^Fp, 1 Gs^Fp, Gs^Fp, Gs^Fms, Gs^Fms, Gs^Fp, Gs^Fp, Gs^Fp, Gs^Fds, Gs^Fds, Gs^Fms, Gs^Fms, Gs^Fds, Gs^Fms, Gs^Fds, Gs^Fms, Gs^Fds, Gs^Fp, Gs^Fds, Gs^Fds
Mm, Mm, Hh, Hh, Gs^Fp, Gs^Fp, Gs^Fp, Gs^Fp, Gs^Fms, Gs^Fds, Gs^Fp, Gs^Fms, Gs^Fp, Gs^Fp, Gs^Fp, Gg^Efm, Gg^Efm, Gs^Fp, Gs^Fp, Gs^Fp, Gs^Fms, Gs^Fp, Gs^Fmf, Gs^Fp, Gs^Fp, Gg^Fet, Gs^Fp, Gs^Fms, Gs^Fp, Gs^Fp, Gs^Fp, Gs^Fp, Gs^Fds, Gs^Fms, Gs^Fds, Gs^Fds, Gs^Fms, Gs^Fms, Gs^Fds, Gs^Fms, Gs^Fp, Gs^Fms, Ww
Gg, Hh, Hh, Gs^Fp, Gs^Fp, Gg^Efm, Gs^Fp, Gs^Fp, Gg^Efm, Gs^Fms, Gg^Efm, Gs^Fp, Gg, Gs^Fp, Gs^Fp, Gs^Fms, Gs^Fp, Gs^Fms, Gs^Fp, Gs^Fp, Gs^Fp, Gs^Fp, Gs^Fmf, Gs^Fp, Gs^Fp, Gs^Fp, Gs^Fp, Gs^Fms, Gs^Fp, Gs^Fp, Gs^Fds, Gs^Fp, Gs^Fp, Gs^Fp, Gs^Fp, Gs^Fds, Gs^Fms, Gs^Fds, Gs^Fds, Gs^Fp, Gs^Fp, Gs^Fp, Ww
Hh, Hh, Gg, Gg, Gg, Gg, Gg, Gs^Fp, Gg, Gs^Fds, Gg, Gs^Fp, Gg, Gg, Gg, Gs^Fp, Gg, Gg, Gg, Gs^Fp, Gs^Fp, Gs^Fp, Gs^Fp, Gs^Fmf, Gs^Fp, Gs^Fms, Gs^Fp, Gs^Fms, Gs^Fp, Gs^Fp, Gs^Fp, Gs^Fp, Gs^Fp, Gs^Fp, Gs^Fds, Gs^Fp, Gs^Fds, Gs^Fms, Gs^Fms, Gs^Fp, Gs^Fms, Gs^Fds, Gs^Fms
Hh, Hh, Hh, Gg, Gg, Gg, Hh^Fms, Gg, Gg^Efm, Gg, Gg, Gg, Gg, Gg, Gg, Gg, Gg, Gg, Gg, Gg, Gg, Gs^Fp, Gg, Gs^Fp, Gs^Fp, Gs^Fp, Gs^Fp, Gs^Fp, Gs^Fp, Gs^Fds, Gs^Fp, Gs^Fp, Gs^Fp, Gs^Fp, Gs^Fp, Gs^Fp, Gs^Fp, Gs^Fds, Gs^Fms, Gs^Fms, Gs^Fms, Gs^Fms, Gs^Fms
Hh, Hh, Gg, Hh, Hh, Gg, Gg, Hh^Fms, Gg^Efm, Gg^Efm, Gs^Fp, Gg, Gg, Gg, Hh, Gg, Gg, Gg, Gg, Gg, Gg, Gg, Gg, Gs^Fp, Gs^Fp, Gs^Fp, Gs^Fp, Gs^Fp, Gs^Fds, Gs^Fp, Gs^Fds, Gs^Fds, Gs^Fp, Gs^Fds, Gs^Fp, Gs^Fp, Gs^Fp, Gs^Fds, Gs^Fms, Gs^Fms, Gs^Fms, Gs^Fms, Gs^Fds
Gg, Gg, Gg, Gg, Gg, Hh^Fms, Gg, Gg, Gg^Efm, Gg^Efm, Gs^Fp, Gg^Efm, Gg, Hh, Hh, Gg, Gg, Gg, Gs^Fp, Gg, Gg, Gg, Gg, Gg, Gg, Gs^Fp, Gg, Gs^Fp, Gg^Efm, Gs^Fp, Gs^Fp, Gs^Fp, Gs^Fp, Gs^Fp, Gs^Fds, Gs^Fp, Gs^Fds, Gs^Fp, Gs^Fp, Gs^Fds, Gs^Fds, Gs^Fds, Gs^Fds
Gg, Gg, Gs^Fp, Gg, Gg, Hh, Hh, Gg^Efm, Gg^Efm, Gg^Efm, Gg^Efm, Gg, Gg, Hh, Gg, Gg, Gs^Fds, Gs^Fp, Gg, Gs^Fp, Hh^Vc, Gg, Gs^Fp, Gg, Gg, Gg, Gg^Efm, Gg^Efm, Gg^Efm, Gg^Efm, Gg^Efm, Gg, Gg, Gs^Fp, Gs^Fds, Gs^Fp, Gs^Fp, Gs^Fp, Gs^Fp, Gs^Fp, Gs^Fp, Gs^Fds, Gs^Fds
Gg, Gg, Gg, Gs^Fms, Gg, Gg, Hh, Gg, Gg, Gg^Efm, Gg, Gg^Efm, Gg^Efm, Gg, Gg^Efm, Gs^Fds, Wo, Wo, Ww, Gs^Fp, Hh, Gg, Gg, Gg, Gg, Gg^Efm, Gg^Efm, Gg, Gg, Gg^Efm, Gg, Gg, Gg, Gg, Gg, Gg, Gg, Hh^Fds, Gg, Gs^Fp, Gs^Fp, Gs^Fp, Gs^Fds
Ss, Gg, Gg, Gs^Fds, Gg, Gg, Gg, Gg, Gg, Gg, Gg, Gg^Efm, Gg, Gg^Efm, Gg, Gs^Fds, Ww, Ww, Gg^Efm, Hh, Hh^Fmw, Gg^Efm, Gg, Gs^Fp, Gg, Gg, Gg, Gg^Efm, Gg, Gg, Gg, Gg, Gg^Vc, Gg, Gg, Gg, Gg^Efm, Gg, Gg, Gg, Gg, Gg, Gg
