border_size=1
usage=map

Gd, Gd, Gd, Gd, Hhd, Mm, Mm, Mm, Mm, Mm, Hh^Fp, Hh^Fp, Gs^Fp, Gs^Fp, Gs^Fp, Gs^Fp, Gs^Fp, Gs^Fp, Gg^Efm, Gs^Fp, Gs^Fp, Gs^Fp, Gs^Fp, Gs^Fp, Gs^Fp, Gs^Fp, Re, Gs^Fp, Gs^Fp, Gs^Fp, Gs^Fp, Gs^Fp, Gs^Fp, Gs^Fp
Gd, Gd, Gs, Hhd, Md, Mm, Mm, Mm, Hh^Fp, Hh^Fp, Gs^Fms, Hh^Fds, Gs^Fds, Gs^Fp, Ce, Ke, Ce, Gs^Fp, Gs^Fp, Gs^Fp, Gs^Fp, Gs^Fp, Gs^Fp, Gs^Fp, Gs^Fp, Gs^Fp, Re, Gs^Fp, Gs^Fp, Gs^Fp, Gs^Fp, Gs^Fp, Gs^Fp, Gs^Fp
Gd, Gd, Gs, Gs, Hh^Fp, Hh^Vhh, Hh^Fp, Mm, Hh^Fds, Hh^Fds, Gs^Fp, Hh^Fms, Hh^Fms, Gs^Fp, Gs^Fp, Ce, Gg, Gs^Fp, Gs^Fp, Gs^Fp, Gs^Fms, Gs^Fp, Gs^Fp, Gs^Fms, Gs^Fp, Hh^Fp, Re, Gs^Fp, Gs^Fms, Gg^Efm, Gs^Fms, Gs^Fds, Gs^Fp, Gs^Fp
Hhd, Gs, Gs, Hh, Hh, Hh, Gg, Hh^Fp, Gs^Fp, Gs^Fp, Gs^Fp, Gs^Fp, Gs^Fp, Gg^Ve, Gs^Fp, Gg^Fet, Gs^Fms, Gs^Fms, Gs^Fp, Gg^Efm, Gs^Fms, Gs^Fp, Gs^Fp, Gs^Fp, Gs^Fp, Re, Gs^Fp, Gs^Fp, Hh^Fp, Gs^Fp, Gs^Fms, Gs^Fp, Gs^Fp, Gg^Efm
Md, Hh, Hh, Mm, Mm, Hh^Fp, Hh^Fp, Gs^Fp, Gs^Fp, Gs^Fp, Gs^Fp, Gs^Fp, Gs^Fp, Hh^Fms, Gs^Fp, Gs^Fp, Gs^Fp, Gs^Fp, Gg^Fet, Gs^Fms, Gs^Fms, Gs^Fp, Gg^Ve, Gs^Fp, Re, Re, Gs^Fp, Gs^Fds, Gs^Fp, Gs^Fp, Gs^Fp, Gg^Fet, Gs^Fp, Gg^Efm
Mm, Chr, Chr, Mm, Mm, Mm, Hh^Fds, Gs^Fp, Gs^Fp, Gs^Fp, Gs^Fp, Gs^Fp, Gs^Fp, Gs^Fms, Gs^Fp, Gs^Fp, Gs^Fp, Gs^Fp, Gg^Fet, Gg^Fet, Gg^Fet, Gs^Fp, Hh^Fp, Gs^Fp, Re, Gs^Fms, Gs^Fms, Gs^Fms, Gs^Fp, Gs^Fp, Gs^Fp, Gs^Fds, Gs^Fp, Gs^Fp
Mm, 6 Khr, Mm, Mm, Mm, Mm, Hh^Fms, Gs^Fp, Gs^Fp, Gs^Fp, Gs^Fp, Gg^Fet, Gs^Fp, Gs^Fp, Gg^Efm, Gg^Efm, Gs^Fp, Gg^Fet, Gs^Fp, Gg^Fet, Gs^Fp, Gs^Fp, Gs^Fp, Hh^Fp, Re, Gs^Fp, Gs^Fp, Gs^Fms, Gs^Fp, Hh^Fp, Gg^Efm, Gs^Fp, Gs^Fp, Gs^Fp
Mm, Mm, Mm, Mm, Mm, Hh^Fp, Hh^Fms, Gs^Fp, Gs^Fp, Gs^Fp, Gs^Fp, Gs^Fp, Gs^Fp, Gs^Fp, Gs^Fp, Gs^Fp, Gs^Fms, Gs^Fp, Gs^Fp, Gs^Fp, Gs^Fp, Gs^Fp, 2 Ke, Re, Gs^Fms, Gs^Fds, Gs^Fp, Gs^Fms, Gs^Fp, Gs^Fp, Gs^Fp, Gs^Fp, Gs^Fp, Gs^Fp
Mm, Mm, Hh^Vhh, Mm, Mm, Hh^Fp, Hh^Fp, Hh^Fds, Gs^Fp, Gs^Fp, Gs^Fms, Gs^Fms, Gs^Fp, Gs^Fp, Gs^Fms, Gs^Fp, Gs^Fp, Gs^Fp, Hh^Fp, Gg^Ve, Gs^Fp, Ce, Ce, Ce, Gs^Fp, Gs^Fp, Gs^Fms, Gs^Fp, Gs^Fms, Gg^Ve, Hh^Fp, Gs^Fp, Gs^Fds, Gs^Fp
Mm, Mm, Mm, Mm, Mm, Mm, Mm, Hh^Fp, Hh^Fds, Gs^Fp, Gs^Fp, Gs^Fp, Gs^Fp, Gg^Ve, Gs^Fms, Gs^Fms, Gg^Fet, Gs^Fms, Hh^Fp, Gs^Fp, Gs^Fp, Ce, Gs^Fp, Ce, Gs^Fp, Gs^Fp, Gs^Fp, Gs^Fds, Gs^Fp, Gs^Fms, Hh^Fp, Gs^Fp, Gs^Fms, Gs^Fp
Mm, Mm, Mm, Mm, Mm, Mm, Mm, Mm, Hh^Fp, Gs^Fp, Gs^Fp, Gs^Fp, Gs^Fp, Gs^Fp, Gs^Fp, Gs^Fp, Gs^Fp, Gs^Fp, Gs^Fp, Gs^Fp, Gs^Fp, Gs^Fds, Gs^Fp, Gs^Fp, Gs^Fp, Gs^Fp, Gg^Fet, Gs^Fp, Gs^Fp, Gs^Fp, Hh^Fp, Gs^Fms, Gs^Fp, Gs^Fp
Hh, Hh, Hh, Mm, Mm, Mm, Mm, Mm, Mm, Hh^Fp, Hh^Fp, Hh^Fp, Hh^Fp, Gs^Fp, Gs^Fp, Gs^Fp, Hh^Fds, Gs^Fms, Gs^Fp, Gg^Efm, Gs^Fp, Gs^Fp, Gs^Fms, Gs^Fp, Gs^Fp, Gs^Fp, Gs^Fp, Gs^Fp, Gs^Fms, Hh^Fp, Gs^Fms, Gs^Fds, Gg^Efm, Gs^Fp
Gs, Gs, Hh, Gs, Mm, Mm, Mm, Mm, Mm, Gg, Gs^Fp, Hh^Fp, Gs^Fp, Gs^Fp, Hh^Fp, Gs^Fp, Hh^Fds, Gs^Fp, Gs^Fp, Gs^Fp, Gs^Fp, Gs^Fp, Gs^Fp, Gs^Fp, Gg^Efm, Gs^Fp, 1 Gs^Fp, Gs^Fp, Gs^Fp, Gs^Fp, Gg^Fet, Gs^Fms, Gs^Fp, Gs^Fp
Gs, Gs, Gs, Gs, Hh, Hh, Hh^Vhh, Mm, Mm, Hh^Fp, Gg, Gs^Fp, Gs^Fp, Gs^Fp, Hh^Fp, Hh^Fms, Hh^Fp, Gs^Fms, Gs^Fms, Gg^Fet, Gg^Fet, Gs^Fp, Gs^Fms, Gs^Fp, Ce, Gs^Fp, Gs^Fp, Gs^Fms, Gs^Fp, Gs^Fp, Gs^Fp, Gs^Fms, Gs^Fp, Gg^Ve
Ce, Gs, Ce, Gs, Gs, Gs, Hh, Mm, Hh^Fdw, Gg, Gg, Gg, Gg, Gs^Fp, Gs^Fp, Hh^Fms, Gs^Fp, Gs^Fp, Gs^Fms, Gs^Fp, Gs^Fp, Gs^Fp, Gs^Fms, Gs^Fp, Ce, Ke, Ce, Gs^Fms, Gs^Fp, Gs^Fp, Gg^Efm, Gs^Fp, Gg^Fet, Gs^Fp
Ce, Ce, 5 Ke, Ce, Hh, Gs, Gs, Hh, Gs, Gs, Gs, Gs^Fdw, Gg, Gg, Gs^Fp, Gs^Fp, Gs^Fp, Hh^Fms, Gs^Fp, Gs^Fp, Gs^Fp, Gs^Fp, Gs^Fms, Gs^Fds, Gs^Fp, Ce, Gs^Fp, Gs^Fms, Gs^Fp, Gs^Fp, Gs^Fp, Gs^Fms, Gs^Fp, Gs^Fms
Gs, Ce, Ce, Ce, Mm, Hh^Fdw, Hh^Fdw, Gs, Gs, Gs^Fdw, Gs, Gg, Gg, Gg, Gs^Fp, Gs^Fp, Hh^Fms, Hh^Fms, Gs^Fp, Gs^Fms, Gs^Fp, Gg^Fet, Gg^Ve, Gs^Fp, Gs^Fp, Gs^Fp, Gs^Fp, Gs^Fp, Gs^Fp, Gs^Fp, Gs^Fms, Gg^Efm, Gg^Efm, Gs^Fp
Gs, Hh, Mm, Mm, Mm, Mm, Gg, Gs, Gs, Gs, Gg, Gs^Fdw, Gg, Gg, Gg, Hh^Fms, Gs^Fp, Gs^Fp, Gs^Fp, Gs^Fp, Gs^Fp, Gs^Fp, Gs^Fp, Gs^Fms, Gs^Fp, Gs^Fp, Gs^Fp, Gs^Fms, Gs^Fp, Gs^Fds, Gs^Fds, Gs^Fds, Gs, Gg^Efm
Hh, Hh, Mm, Mm, Hh^Vhh, Hh^Fdw, Gg, Gg, Gg, Gg, Gg, Gg, Gs^Fp, Gs^Fp, Gg, Hh^Fms, Gs^Fp, Gs^Fp, Gg^Fet, Gs^Fp, Gs^Fms, Gs^Fp, Gs^Fp, Gs^Fms, Gs^Fms, Gs^Fp, Gg^Fet, Gs^Fms, Gs^Fp, Gg^Fet, Gs^Fms, Gs^Fp, Gg, Hh^Fp
Mm, Mm, Mm, Mm, Hh, Gg, Hh, Hh^Fdw, Hh^Fdw, Gg, Gs^Fdw, Gg, Gg, Hh^Fms, Gg, Gg, Gs^Fp, Gs^Fp, Gs^Fp, Gs^Fp, Gg^Efm, Gg^Efm, Gs^Fp, Gs^Fp, Gs^Fms, Gs^Fp, Gs^Fds, Gg^Fet, Gs^Fp, Gs^Fp, Ce, Ce, Ke, Hh^Fp
Mm, Mm, Mm, Mm, Gg, Gg, Hh, Hh^Fdw, Hh, Hh, Hh, Gg, Gg, Gg, Gg, Gg, Gg, Gs^Fp, Gs^Fp, Gs^Fp, Gs^Fp, Gs^Fp, Gs^Fp, Gs^Fp, Gs^Fp, Gs^Fms, Gs^Fms, Gs^Fp, Gs^Fp, Gs^Fp, Hh^Fp, Ce, Mm, Mm
Mm, Mm, Mm, Mm, Gg, Gg, Gg, Hh, Hh, Hh, Hh, Gg, Gg, Gg, Gs^Fp, Gg, Gg, Gs^Fp, Gs^Fp, Gs^Fp, Gs^Fp, Gs^Fp, Gs^Fp, Gs^Fp, Gg^Fet, Gg^Fet, Gs^Fp, Gs^Fms, Gs^Fp, Gs^Fp, Hh^Fp, Hh^Fp, Mm, Mm^Xm
Mm, Mm, Mm, Hh^Fdw, Hh^Fdw, Gg, Gg, Gg, Hh, Hh^Fdw, Hh^Fp, Gg, Gg, Gg, Gg, Gg, Gg, Gg, Gs^Fp, Gs^Fp, Gs^Fms, Hh^Fms, Hh^Fms, Gs^Fp, Gs^Fms, Gs^Fp, Gs^Fms, Gs^Fms, Hh^Fp, Gs^Fp, Hh^Fp, Mm, Mm^Xm, Mm^Xm
Ms, Ms, Mm, Hh^Fdw, Gg, Hh, Hh, Gg, Hh, Hh, Hh^Fp, Gg, Gg, Gg, Gg, Gg, Gg, Gg, Gg, Gs^Fp, Gs^Fp, Gs^Fp, Gs^Fp, Gs^Fms, Gs^Fp, Gs^Fms, Gs^Fp, Gg^Ve, Gs^Fp, Hh^Fp, Hh^Fp, Mm^Xm, Mm, Mm
Ms, Mm, Mm, Hh, Hh^Fdw, Hh, Gg, Hh, Mm, Mm, Mm, Hh^Fp, Gg, Gg, Gg, Gg, Gg, Gg, Gs, Gg, Gg, Gs^Fp, Gg, Gs^Fp, Gg, Gs^Fp, Hh^Fms, Gs^Fds, Gs^Fds, Hh^Fp, Mm^Xm, Mm^Xm, Mm, Gs^Fp
Mm, Mm, Ke, Mm, Hh^Fdw, Gg, Gg, Hh^Vhh, Mm, Mm, Mm, Gg, Gg, Gg, Gg, Gg, Gs, Gg, Gg, Gg, Gg, Gg, Gg, Gg, Gg, Gs^Fp, Gs^Fp, Gs^Fp, Gs^Fds, Hh^Fp, Mm^Xm, Mm, Gg, Gg
Mm, Mm, Ce, Ce, Ce, Gg, Hh, Hh^Fdw, Hh^Fdw, Mm, Gg, Gg, Gs, Gg, Gg, Gg, Gs, Gg, Gs, Gs, Gs^Fp, Gg, Gg, Gg, Gs, Gg, Gg, Gs^Fp, Gs^Fp, Hh^Fp, Mm^Xm, Mm, Gg, Gg
Mm, Mm, Hh, Ce, Hh, Hh, Mm, Hh, Hh, Hh, Gs, Gs, Gs, Gg, Hh^Fp, Gg, Gs^Fp, Gs, Gg, Gg, Hh^Fp, Gs^Fp, Gs^Fp, Gg, Gg, Gg, Hh^Fp, Hh^Fmf, Ha^Fma, Mm^Xm, Mm, Mm, Gs^Fp, Mm
Hh, Hh^Vhh, Hh, Hh, Gg, Mm, Hh^Fdw, Hh, Hh, Gg, Gs, Gs, Gs, Gg, Gs^Fp, Hh^Fp, Gg, Gg, Gg, Gg, Gs^Fp, Gs, Gg, Gg, Gs^Fp, Gg, Hh^Fp, Ms, Mm^Xm, Mm^Xm, Mm, Gg, Mm, Mm
Mm, Hh, Hh^Fdw, Mm, Mm, Mm, Mm, Hh, Gs, Gs, Gg, Gg^Efm, Gs, Gg, Gg, Gg, Gg, Gg, Gg, Gs^Fp, Hh^Fp, Gg, Gs^Fp, Gs^Fp, Gg, Hh^Fp, Mm^Xm, Mm^Xm, Mm, Mm, Hh^Fms, Gg, Mm, Mm^Xm
Hh, Hh^Fdw, Hh^Fdw, Hh^Fdw, Hh, Hh, Hh, Hh, Gg^Efm, Gg, Gs, Gg^Efm, Gg^Efm, Gg, Gg, Gs^Fp, Hh^Fp, Gg^Vc, Hh, Hh^Fp, Hh^Fmw, Gs^Fp, Gs, Gg, Ce, Hh^Fp, Mm^Xm, Mm, Gs^Fp, Gs^Fp, Gg^Efm, Mm, Mm, Mm^Xm
