border_size=1
usage=map

Gg^Fet      , Gg^Fet      , Gg^Fet      , Gg^Fet      , Gg^Fet      , Gg^Fet      , Gg^Fet      , Gg^Fet      , Gg^Fet      , Gg^Fet      , Gg^Fet      , Mm          , Mm          , Mm          , Hh          , Hh          , Hh          , Hh          , Hh          , Mm          , Mm          , Mm          , Mm          , Gs          , Gs          , Ds          , Gs          , Gs          , Hh          , Hh          , Mm          , Hh          , Hh          , Gs          , Gs          
Gg^Fet      , Gg^Fet      , Gg^Fet      , Gg^Fet      , Gg^Fet      , Gg^Fet      , Gg^Fet      , Gg^Fet      , Gg^Fet      , Gg^Fet      , Gg^Fet      , Gg^Fet      , Mm          , Mm          , Hh          , Hh          , Hh          , Hh          , Hh          , Mm          , Mm          , Mm          , Ds          , Gs          , Ds          , Ds          , Hh          , Hh          , Mm          , Mm          , Hh          , Hh          , Gs          , Gs          , Gs          
Gs          , Gg^Fet      , Gg^Fet      , Gg^Fet      , Gg^Fet      , Gg^Fet      , Gg^Fet      , Gg^Fet      , Gg^Fet      , Gg^Fet      , Gg^Fet      , Gs          , Gs          , Mm          , Mm          , Hh          , Hh          , Hh          , Hh          , Mm          , Mm          , Mm          , Gs          , Ds          , Gs          , Hh          , Mm          , Mm          , Hh          , Hh          , Hh          , Hh          , Hh          , Gs          , Gs          
Gs          , Gs          , Gs          , Gg^Fet      , Gg^Fet      , Gg^Fet      , Gg^Fet      , Gg^Fet      , Gg^Fet      , Gg^Fet      , Gg^Fet      , Gs          , Gs          , Mm          , Mm          , Hh          , Hh          , Hh          , Mm          , Mm          , Mm          , Gs          , Gs          , Gs          , Gs          , Hh          , Hh          , Hh          , Gs          , Hh          , Gs          , Hh          , Hh          , Gs          , Gs          
Gs          , Gs          , Gs          , Gg^Fet      , Gg^Fet      , Gg^Fet      , Gg^Fet      , Gg^Fet      , Gg^Fet      , Gg^Fet      , Gg^Fet      , Gs          , Mm          , Mm          , Mm          , Mm          , Mm          , Mm          , Mm          , Mm          , Mm          , Gs          , Gs          , Gs          , Gs          , Gs          , Gs          , Gs          , Gg^Fet      , Gs          , Gs          , Gs          , Gs          , Gs          , Gs          
Gs          , Gs          , Gs          , Gs          , Gs          , Gs          , Gs          , Gg^Fet      , Gg^Fet      , Gg^Fet      , Gg^Fet      , Mm          , Mm          , Mm          , Hh          , Mm          , Ds          , Mm          , Hh          , Mm          , Hh          , Gs          , Gs          , Gs          , Gg^Fet      , Gs          , Gg^Fet      , Gg^Fet      , Gg^Fet      , Gs          , Gg^Fet      , Gg^Fet      , Gg^Fet      , Gg^Fet      , Gg^Fet      
Gs          , Gs          , Gs          , Gs          , Gs          , Gs          , Gs          , Gs          , Gs          , Gg^Fet      , Mm          , Mm          , Hh          , Mm          , Hh          , Hh          , Ds          , Hh          , Hh          , Hh          , Mm          , Gg^Fet      , Gg^Fet      , Gg^Fet      , Gg^Fet      , Gg^Fet      , Gg^Fet      , Gg^Fet      , Gg^Fet      , Gg^Fet      , Gg^Fet      , Gg^Fet      , Gg^Fet      , Gg^Fet      , Gg^Fet      
Gs          , Gs          , Gs          , Gs          , Gs          , Gs          , Mm          , Gs          , Gs          , Mm          , Mm          , Mm          , Hh          , Hh          , Hh          , Hh          , Ds          , Hh          , Hh          , Mm          , Mm          , Gg^Fet      , Gg^Fet      , Gg^Fet      , Gg^Fet      , Gg^Fet      , Gg^Fet      , Gg^Fet      , Gg^Fet      , Gg^Fet      , Gg^Fet      , Gg^Fet      , Gg^Fet      , Gg^Fet      , Gg^Fet      
Ss          , Ss          , Ss          , Gs          , Gs          , Gs          , Mm          , Gs          , Gs          , Mm          , Mm          , Hh          , Hh          , Hh          , Hh          , Ds          , Hh          , Hh          , Hh          , Mm          , Mm          , Gg^Fet      , Gg^Fet      , Gg^Fet      , Gg^Fet      , Gg^Fet      , Gg^Fet      , Gg^Fet      , Gg^Fet      , Gg^Fet      , Gg^Fet      , Gg^Fet      , Gg^Fet      , Gg^Fet      , Gg^Fet      
Ss          , Ss          , Ss          , Ss          , Ds          , Ds          , Gs          , Mm          , Gs          , Mm          , Mm          , Hh          , Hh          , Hh          , Ds          , Ds          , Hh          , Hh          , Mm          , Mm          , Hh          , Gs          , Gg^Fet      , Gg^Fet      , Gg^Fet      , Gg^Fet      , Gg^Fet      , Gg^Fet      , Gg^Fet      , Gg^Fet      , Gg^Fet      , Gg^Fet      , Gg^Fet      , Gg^Fet      , Gg^Fet      
Ss          , Ss          , Ds          , Ds          , Ss          , Ss          , Gs          , Mm          , Mm          , Mm          , Mm          , Hh          , Hh          , Hh          , Ds          , Hh          , Hh          , Hh          , Mm          , Mm          , Mm          , Gs          , Gg^Fet      , Gg^Fet      , Gg^Fet      , Gg^Fet      , Gg^Fet      , Gg^Fet      , Gg^Fet      , Gg^Fet      , Gg^Fet      , Gg^Fet      , Gg^Fet      , Gg^Fet      , Gg^Fet      
Ss          , Ss          , Ds          , Ss          , Ss          , Ss          , Gs          , Gs          , Mm          , Mm          , Gs          , Hh          , Gs          , Gs          , Ds          , Hh          , Hh          , Hh          , Mm          , Ds          , Mm          , Gg^Fet      , Gg^Fet      , Gg^Fet      , Gg^Fet      , Gg^Fet      , Gg^Fet      , Gg^Fet      , Gg^Fet      , Gg^Fet      , Gg^Fet      , Gg^Fet      , Gg^Fet      , Gg^Fet      , Gg^Fet      
Ss          , Ss          , Ds          , Ss          , Ss          , Ss          , Ss          , Gs          , Hh          , Gs          , Ds          , Gs          , Ds          , Ds          , Ds          , Gs          , Gs          , Mm          , Gs          , Ds          , Hh          , Gg^Fet      , Gs          , Gg^Fet      , Gs          , Gg^Fet      , Gs          , Gg^Fet      , Gg^Fet      , Gg^Fet      , Gg^Fet      , Gg^Fet      , Gg^Fet      , Gg^Fet      , Gg^Fet      
Ss          , Ss          , Ds          , Ss          , Ss          , Ss          , Ds          , Ds          , Ds          , Ds          , Ds          , Ds          , Ds          , Ds          , Ds          , Ds          , Ds          , Gs          , Ss          , Ds          , Gs          , Hh          , Gs          , Gs          , Hh          , Gs          , Gs          , Gs          , Gs          , Gg^Fet      , Gs          , Gg^Fet      , Gg^Fet      , Gg^Fet      , Gg^Fet      
Ss          , Ss          , Ds          , Ds          , Ds          , Ds          , Ds          , Ds          , Ds          , Ds          , Ds          , Ds          , Ds          , Gs          , Ds          , Ds          , Ds          , Ds          , Ds          , Ds          , Ss          , Gs          , Gs          , Gs          , Gs          , Gs          , Gs          , Gs          , Gs          , Gs          , Gs          , Gs          , Gs          , Gg^Fet      , Gg^Fet      
Ss          , Ss          , Ds          , Ds          , Ds          , Ds          , Ds          , Ds          , Gs          , Ds          , Ds          , Ds          , Ds          , Gs          , Ds          , Ds          , Ds          , Ds          , Ds          , Ss          , Ss          , Gs          , Ds          , Ds          , Ds          , Hh          , Hh          , Gs          , Gs          , Hh          , Hh          , Gs          , Gs          , Gs          , Gs          
Ds          , Ds          , Ds          , Ds          , Ds          , Ds          , Ds          , Gs          , Gs          , Ds          , Ds          , Ds          , Ds          , Ds          , Ds          , Ds          , Ds          , Ds          , Ds          , Ds          , Ds          , Ds          , Gs          , Gs          , Gs          , Mm          , Mm          , Gs          , Gs          , Gs          , Gs          , Gs          , Gs          , Gs          , Hh          
Ds          , Ds          , Ds          , Ds          , Ds          , Ds          , Ds          , Gs          , Ds          , Ds          , Ds          , Ds          , Ds          , Ds          , Ds          , Ds          , Ds          , Ds          , Ds          , Ds          , Ds          , Ss          , Ss          , Gs          , Gs          , Hh          , Hh          , Mm          , Gs          , Gs          , Hh          , Gs          , Hh          , Hh          , Hh          
Ds          , Ds          , Ds          , Ds          , Ds          , Ds          , Ds          , Ds          , Ds          , Ds          , Ds          , Ds          , Ds          , Ds          , Ds          , Ds          , Ds          , Ds          , Ds          , Ds          , Gs          , Gs          , Ss          , Gs          , Hh          , Mm          , Hh          , Hh          , Gs          , Hh          , Gs          , Gs          , Hh          , Hh          , Hh          
